--Estado de situación financiera [sinopsis]
----Total activo (5.10.00.00) 
------Total inversiones financieras (5.11.00.00) 
--------Efectivo y efectivo equivalente (5.11.10.00) 
--------Activos financieros a valor razonable (5.11.20.00) 
--------Activos financieros a costo amortizado (5.11.30.00) 
--------Préstamos (5.11.40.00) 
----------Avance tenedores de pólizas (5.11.41.00) 
----------Préstamos otorgados (5.11.42.00) 
--------Inversiones seguros cuenta única de inversión (CUI) (5.11.50.00) 
--------Participaciones en entidades del grupo (5.11.60.00) 
----------Participaciones en empresas subsidiarias (filiales) (5.11.61.00) 
----------Participaciones en empresas asociadas (coligadas) (5.11.62.00) 
------Total inversiones inmobiliarias (5.12.00.00) 
--------Propiedades de inversión (5.12.10.00) 
--------Cuentas por cobrar leasing (5.12.20.00) 
--------Propiedades, muebles y equipos de uso propio (5.12.30.00) 
----------Propiedades de uso propio (5.12.31.00) 
----------Muebles y equipos de uso propio (5.12.32.00) 
------Activos no corrientes mantenidos para la venta (5.13.00.00) 
------Total cuentas de seguros (5.14.00.00) 
--------Cuentas por cobrar de seguros (5.14.10.00) 
----------Cuentas por cobrar asegurados (5.14.11.00) 
----------Deudores por operaciones de reaseguro (5.14.12.00) 
------------Siniestros por cobrar a reaseguradores (5.14.12.10) 
------------Primas por cobrar reaseguro aceptado (5.14.12.20) 
------------Activo por reaseguro no proporcional (5.14.12.30) 
------------Otros deudores por operaciones de reaseguro (5.14.12.40) 
----------Deudores por operaciones de coaseguro (5.14.13.00) 
------------Primas por cobrar por operaciones de coaseguro (5.14.13.10) 
------------Siniestros por cobrar por operaciones de coaseguro (5.14.13.20) 
--------Participación del reaseguro en las reservas técnicas (5.14.20.00) 
----------Participación del reaseguro en la reserva riesgos en curso (5.14.21.00) 
----------Participación del reaseguro en las reservas seguros previsionales (5.14.22.00) 
------------Participación del reaseguro en la reserva rentas vitalicias (5.14.22.10) 
------------Participación del reaseguro en la reserva seguro invalidez y sobrevivencia (5.14.22.20) 
----------Participación del reaseguro en la reserva matemática (5.14.23.00) 
----------Participación del reaseguro en la reserva rentas privadas (5.14.24.00) 
----------Participación del reaseguro en la reserva de siniestros (5.14.25.00) 
----------Participación del reaseguro en la reserva catastrófica de terremoto (5.14.26.00) 
----------Participación del reaseguro en la reserva de insuficiencia de primas (5.14.27.00) 
----------Participación del reaseguro en otras reservas técnicas (5.14.28.00) 
------Otros activos (5.15.00.00) 
--------Intangibles (5.15.10.00) 
----------Goodwill (5.15.11.00) 
----------Activos intangibles distintos a goodwill (5.15.12.00) 
--------Impuestos por cobrar (5.15.20.00) 
----------Cuenta por cobrar por impuesto (5.15.21.00) 
----------Activo por impuesto diferido (5.15.22.00) 
--------Otros activos (5.15.30.00) 
----------Deudas del personal (5.15.31.00) 
----------Cuentas por cobrar intermediarios (5.15.32.00) 
----------Deudores relacionados (5.15.33.00) 
----------Gastos anticipados (5.15.34.00) 
----------Otros activos (5.15.35.00) 
----Total pasivo y patrimonio (5.20.00.00) 
------Total pasivo (5.21.00.00) 
--------Pasivos financieros (5.21.10.00) 
--------Pasivos no corrientes mantenidos para la venta (5.21.20.00) 
--------Total cuentas de seguros (5.21.30.00) 
----------Reservas técnicas (5.21.31.00) 
------------Reserva riesgos en curso (5.21.31.10) 
------------Reservas seguros previsionales (5.21.31.20) 
--------------Reserva rentas vitalicias (5.21.31.21) 
--------------Reserva seguro invalidez y sobrevivencia (5.21.31.22) 
------------Reserva matemática (5.21.31.30) 
------------Reserva valor del fondo (5.21.31.40) 
------------Reserva rentas privadas (5.21.31.50) 
------------Reserva de siniestros (5.21.31.60) 
------------Reserva catastrófica de terremoto (5.21.31.70) 
------------Reserva de insuficiencia de prima (5.21.31.80) 
------------Otras reservas técnicas (5.21.31.90) 
----------Deudas por operaciones de seguro (5.21.32.00) 
------------Deudas con asegurados (5.21.32.10) 
------------Deudas por operaciones reaseguro (5.21.32.20) 
------------Deudas por operaciones por coaseguro (5.21.32.30) 
--------------Primas por pagar por operaciones de coaseguro (5.21.32.31) 
--------------Siniestros por pagar por operaciones de coaseguro (5.21.32.32) 
------------Ingresos anticipados por operaciones de seguros (5.21.32.40) 
--------Otros pasivos (5.21.40.00) 
----------Provisiones (5.21.41.00) 
----------Otros pasivos (5.21.42.00) 
------------Impuestos por pagar (5.21.42.10) 
--------------Cuenta por pagar por impuesto (5.21.42.11) 
--------------Pasivo por impuesto diferido (5.21.42.12) 
------------Deudas con relacionados (5.21.42.20) 
------------Deudas con intermediarios (5.21.42.30) 
------------Deudas con el personal (5.21.42.40) 
------------Ingresos anticipados (5.21.42.50) 
------------Otros pasivos no financieros (5.21.42.60) 
------Total patrimonio (5.22.00.00) 
--------Capital pagado (5.22.10.00) 
--------Reservas (5.22.20.00) 
--------Resultados acumulados (5.22.30.00) 
----------Resultados acumulados periodos anteriores (5.22.31.00) 
----------Resultado del ejercicio (5.22.32.00) 
----------Dividendos (5.22.33.00) 
--------Otros ajustes (5.22.40.00) 